../Core/Src/main.c:77:5:main	8	static
../Core/Src/main.c:160:6:SystemClock_Config	88	static
../Core/Src/main.c:217:13:MX_TIM13_Init	8	static
../Core/Src/main.c:248:13:MX_USART3_UART_Init	8	static
../Core/Src/main.c:283:13:MX_USB_OTG_FS_PCD_Init	8	static
../Core/Src/main.c:319:13:MX_GPIO_Init	56	static
../Core/Src/main.c:371:6:HAL_TIM_PeriodElapsedCallback	16	static
../Core/Src/main.c:410:6:HAL_UART_TxCpltCallback	16	static
../Core/Src/main.c:415:6:HAL_UART_RxCpltCallback	16	static
../Core/Src/main.c:425:6:Error_Handler	4	static,ignoring_inline_asm
